C:\Users\ajkumar\OneDrive - Hewlett Packard Enterprise\Desktop\Go>go mod init github.com/aj387/Go-Dev
go: creating new go.mod: module github.com/aj387/Go-Dev
go: to add module requirements and sums:
        go mod tidy

C:\Users\ajkumar\OneDrive - Hewlett Packard Enterprise\Desktop\Go>go mod tidy
go: finding module for package rsc.io/quote/v4
go: downloading rsc.io/quote v1.5.2
go: downloading rsc.io/quote/v4 v4.0.1
go: found rsc.io/quote/v4 in rsc.io/quote/v4 v4.0.1
go: downloading rsc.io/sampler v1.3.0
go: downloading golang.org/x/text v0.0.0-20170915032832-14c0d48ead0c

C:\Users\ajkumar\OneDrive - Hewlett Packard Enterprise\Desktop\Go>go mod tidy
go: finding module for package rsc.io/quote
go: found rsc.io/quote in rsc.io/quote v1.5.2

C:\Users\ajkumar\OneDrive - Hewlett Packard Enterprise\Desktop\Go>
C:\Users\ajkumar\OneDrive - Hewlett Packard Enterprise\Desktop\Go>
C:\Users\ajkumar\OneDrive - Hewlett Packard Enterprise\Desktop\Go>go mod tidy

C:\Users\ajkumar\OneDrive - Hewlett Packard Enterprise\Desktop\Go>echo "# Go-Dev" >> README.md

C:\Users\ajkumar\OneDrive - Hewlett Packard Enterprise\Desktop\Go>git init
Initialized empty Git repository in C:/Users/ajkumar/OneDrive - Hewlett Packard Enterprise/Desktop/Go/.git/

C:\Users\ajkumar\OneDrive - Hewlett Packard Enterprise\Desktop\Go>git add README.md

C:\Users\ajkumar\OneDrive - Hewlett Packard Enterprise\Desktop\Go>git commit -m "first commit"
[master (root-commit) 4d5efbd] first commit
 1 file changed, 1 insertion(+)
 create mode 100644 README.md

C:\Users\ajkumar\OneDrive - Hewlett Packard Enterprise\Desktop\Go>git branch -M main

C:\Users\ajkumar\OneDrive - Hewlett Packard Enterprise\Desktop\Go>git remote add origin git@github.com:aj387/Go-Dev.git

C:\Users\ajkumar\OneDrive - Hewlett Packard Enterprise\Desktop\Go>git push -u origin main
The authenticity of host 'github.com (13.234.176.102)' can't be established.
ECDSA key fingerprint is SHA256:p2QAMXNIC1TJYWeIOttrVc98/R1BUFWu3/LiyKgUfQM.
Are you sure you want to continue connecting (yes/no/[fingerprint])? yes
Warning: Permanently added 'github.com,13.234.176.102' (ECDSA) to the list of known hosts.
Enumerating objects: 3, done.
Counting objects: 100% (3/3), done.
Writing objects: 100% (3/3), 228 bytes | 57.00 KiB/s, done.
Total 3 (delta 0), reused 0 (delta 0), pack-reused 0
To github.com:aj387/Go-Dev.git
 * [new branch]      main -> main
Branch 'main' set up to track remote branch 'main' from 'origin'.

C:\Users\ajkumar\OneDrive - Hewlett Packard Enterprise\Desktop\Go>dir
 Volume in drive C is PC COE
 Volume Serial Number is 8A00-F9F0

 Directory of C:\Users\ajkumar\OneDrive - Hewlett Packard Enterprise\Desktop\Go

02/06/2022  12:44 AM    <DIR>          .
02/06/2022  12:44 AM    <DIR>          ..
01/25/2022  09:52 AM    <DIR>          Current
02/06/2022  12:42 AM               183 go.mod
02/06/2022  12:42 AM               499 go.sum
01/26/2022  10:06 PM    <DIR>          Learning
02/06/2022  12:42 AM               554 main.go
02/06/2022  12:44 AM                13 README.md
               4 File(s)          1,249 bytes
               4 Dir(s)  132,029,063,168 bytes free

C:\Users\ajkumar\OneDrive - Hewlett Packard Enterprise\Desktop\Go>git add go.mod
warning: LF will be replaced by CRLF in go.mod.
The file will have its original line endings in your working directory

C:\Users\ajkumar\OneDrive - Hewlett Packard Enterprise\Desktop\Go>git add go.sum
warning: LF will be replaced by CRLF in go.sum.
The file will have its original line endings in your working directory

C:\Users\ajkumar\OneDrive - Hewlett Packard Enterprise\Desktop\Go>git add main.go

C:\Users\ajkumar\OneDrive - Hewlett Packard Enterprise\Desktop\Go>git push -u origin main
Everything up-to-date
Branch 'main' set up to track remote branch 'main' from 'origin'.

C:\Users\ajkumar\OneDrive - Hewlett Packard Enterprise\Desktop\Go>git commit -m "second commit"
[main bde2916] second commit
 3 files changed, 53 insertions(+)
 create mode 100644 go.mod
 create mode 100644 go.sum
 create mode 100644 main.go

C:\Users\ajkumar\OneDrive - Hewlett Packard Enterprise\Desktop\Go>git push -u origin main
Enumerating objects: 6, done.
Counting objects: 100% (6/6), done.
Delta compression using up to 8 threads
Compressing objects: 100% (5/5), done.
Writing objects: 100% (5/5), 1.04 KiB | 213.00 KiB/s, done.
Total 5 (delta 0), reused 0 (delta 0), pack-reused 0
To github.com:aj387/Go-Dev.git
   4d5efbd..bde2916  main -> main
Branch 'main' set up to track remote branch 'main' from 'origin'.

C:\Users\ajkumar\OneDrive - Hewlett Packard Enterprise\Desktop\Go>




